// Jest Snapshot v1, https://goo.gl/fbAQLP

exports[`nested 1`] = `
"export interface Translations {
    keys: {
        \\"item\\": \\"title\\" | \\"content.desc\\" | \\"content.example\\" | \\"content.another.key\\" | \\"footer\\"
    };
    keysWithNS: {
        \\"item\\": \\"item:title\\" | \\"item:content.desc\\" | \\"item:content.example\\" | \\"item:content.another.key\\" | \\"item:footer\\"
    };
}
"
`;
