// Jest Snapshot v1, https://goo.gl/fbAQLP

exports[`simple 1`] = `
"export interface Translations {
    keys: {
        \\"shoes\\": \\"sneakers\\" | \\"high-heels\\",
        \\"tops\\": \\"jacket\\" | \\"t-shirt\\" | \\"sweater\\"
    };
    keysWithNS: {
        \\"shoes\\": \\"shoes.sneakers\\" | \\"shoes.high-heels\\",
        \\"tops\\": \\"tops.jacket\\" | \\"tops.t-shirt\\" | \\"tops.sweater\\"
    };
}
"
`;
